#-----------------------------------------------------------
# PlanAhead v14.6
# Build 269223 by xbuild on Wed Jun  5 11:17:50 MDT 2013
# Start of session at: Mon Oct 13 18:39:34 2014
# Process ID: 2204
# Log file: I:/Adv Digital/NewP3/project3/planAhead.log
# Journal file: I:/Adv Digital/NewP3/project3\planAhead.jou
#-----------------------------------------------------------
start_gui
open_project {I:\Adv Digital\NewP3\project3\project3.ppr}
add_files -fileset constrs_1 -norecurse C:/Users/ulab/Desktop/Project3a/files/Nexys4_Master.ucf
import_files -fileset constrs_1 C:/Users/ulab/Desktop/Project3a/files/Nexys4_Master.ucf
import_files -norecurse C:/Users/ulab/Desktop/Project3a/files/top_level.vhd
update_compile_order -fileset sources_1
update_compile_order -fileset sim_1
import_files -norecurse {C:/Users/ulab/Desktop/Project3a/files/LUT.vhd C:/Users/ulab/Desktop/Project3a/files/address_gen.vhd C:/Users/ulab/Desktop/Project3a/files/btn_debounce_toggle.vhd C:/Users/ulab/Desktop/Project3a/files/clk_enabler.vhd C:/Users/ulab/Desktop/Project3a/files/display_cycle.vhd}
update_compile_order -fileset sources_1
launch_runs synth_1
wait_on_run synth_1
reset_run synth_1
launch_runs synth_1
wait_on_run synth_1
reset_run synth_1
launch_runs synth_1
wait_on_run synth_1
reset_run synth_1
launch_runs synth_1
wait_on_run synth_1
reset_run synth_1
launch_runs synth_1
wait_on_run synth_1
reset_run synth_1
launch_runs synth_1
wait_on_run synth_1
reset_run synth_1
launch_runs synth_1
wait_on_run synth_1
reset_run synth_1
launch_runs synth_1
wait_on_run synth_1
